// Jest Snapshot v1, https://goo.gl/fbAQLP

exports[`<Summary /> should render correctly 1`] = `
ShallowWrapper {
  Symbol(enzyme.__root__): [Circular],
  Symbol(enzyme.__unrendered__): <Unknown
    pictures={
        Array [
            Object {
              "thumb": "https://some.test.thumb_1",
              "title": "some test title_1",
              "url": "https://some.test.url_1",
            },
            Object {
              "thumb": "https://some.test.thumb_1",
              "title": "some test title_1",
              "url": "https://some.test.url_1",
            },
            Object {
              "thumb": "https://some.test.thumb_2",
              "title": "some test title_2",
              "url": "https://some.test.url_2",
            },
            Object {
              "thumb": "https://some.test.thumb_3",
              "title": "some test title_3",
              "url": "https://some.test.url_3",
            },
            Object {
              "thumb": "https://some.test.thumb_4",
              "title": "some test title_4",
              "url": "https://some.test.url_4",
            },
          ]
    }
    restart={[Function]}
/>,
  Symbol(enzyme.__renderer__): Object {
    "batchedUpdates": [Function],
    "getNode": [Function],
    "render": [Function],
    "simulateError": [Function],
    "simulateEvent": [Function],
    "unmount": [Function],
  },
  Symbol(enzyme.__node__): Object {
    "instance": null,
    "key": undefined,
    "nodeType": "host",
    "props": Object {
      "children": Array [
        <WithStyles(Button)
          color="secondary"
          onClick={[Function]}
          variant="outlined"
>
          Restart
</WithStyles(Button)>,
        false,
        false,
        false,
      ],
    },
    "ref": null,
    "rendered": Array [
      Object {
        "instance": null,
        "key": undefined,
        "nodeType": "class",
        "props": Object {
          "children": "Restart",
          "color": "secondary",
          "onClick": [Function],
          "variant": "outlined",
        },
        "ref": null,
        "rendered": "Restart",
        "type": [Function],
      },
      false,
      false,
      false,
    ],
    "type": "div",
  },
  Symbol(enzyme.__nodes__): Array [
    Object {
      "instance": null,
      "key": undefined,
      "nodeType": "host",
      "props": Object {
        "children": Array [
          <WithStyles(Button)
            color="secondary"
            onClick={[Function]}
            variant="outlined"
>
            Restart
</WithStyles(Button)>,
          false,
          false,
          false,
        ],
      },
      "ref": null,
      "rendered": Array [
        Object {
          "instance": null,
          "key": undefined,
          "nodeType": "class",
          "props": Object {
            "children": "Restart",
            "color": "secondary",
            "onClick": [Function],
            "variant": "outlined",
          },
          "ref": null,
          "rendered": "Restart",
          "type": [Function],
        },
        false,
        false,
        false,
      ],
      "type": "div",
    },
  ],
  Symbol(enzyme.__options__): Object {
    "adapter": ReactSixteenAdapter {
      "options": Object {
        "enableComponentDidUpdateOnSetState": true,
        "lifecycles": Object {
          "componentDidUpdate": Object {
            "onSetState": true,
          },
          "getDerivedStateFromProps": true,
          "getSnapshotBeforeUpdate": true,
          "setState": Object {
            "skipsComponentDidUpdateOnNullish": true,
          },
        },
      },
    },
  },
}
`;
